Java HotSpot(TM) 64-Bit Server VM (25.172-b11) for bsd-amd64 JRE (1.8.0_172-b11), built on Mar 28 2018 15:38:02 by "java_re" with gcc 4.2.1 (Based on Apple Inc. build 5658) (LLVM build 2336.11.00)
Memory: 4k page, physical 16777216k(787120k free)

/proc/meminfo:

CommandLine flags: -XX:+DisableExplicitGC -XX:InitialHeapSize=1073741824 -XX:InitiatingHeapOccupancyPercent=35 -XX:+ManagementServer -XX:MaxGCPauseMillis=20 -XX:MaxHeapSize=1073741824 -XX:+PrintGC -XX:+PrintGCDateStamps -XX:+PrintGCDetails -XX:+PrintGCTimeStamps -XX:+UseCompressedClassPointers -XX:+UseCompressedOops -XX:+UseG1GC 
2018-05-09T16:42:02.019+0800: 5.784: [GC pause (G1 Evacuation Pause) (young), 0.0083305 secs]
   [Parallel Time: 3.3 ms, GC Workers: 8]
      [GC Worker Start (ms): Min: 5783.7, Avg: 5783.7, Max: 5783.8, Diff: 0.1]
      [Ext Root Scanning (ms): Min: 0.2, Avg: 0.6, Max: 2.1, Diff: 2.0, Sum: 4.8]
      [Update RS (ms): Min: 0.0, Avg: 0.0, Max: 0.0, Diff: 0.0, Sum: 0.0]
         [Processed Buffers: Min: 0, Avg: 0.0, Max: 0, Diff: 0, Sum: 0]
      [Scan RS (ms): Min: 0.0, Avg: 0.0, Max: 0.0, Diff: 0.0, Sum: 0.1]
      [Code Root Scanning (ms): Min: 0.0, Avg: 0.2, Max: 1.3, Diff: 1.3, Sum: 1.8]
      [Object Copy (ms): Min: 1.0, Avg: 2.3, Max: 2.8, Diff: 1.8, Sum: 18.0]
      [Termination (ms): Min: 0.0, Avg: 0.1, Max: 0.1, Diff: 0.1, Sum: 0.6]
         [Termination Attempts: Min: 1, Avg: 8.9, Max: 16, Diff: 15, Sum: 71]
      [GC Worker Other (ms): Min: 0.0, Avg: 0.0, Max: 0.0, Diff: 0.0, Sum: 0.1]
      [GC Worker Total (ms): Min: 3.1, Avg: 3.2, Max: 3.2, Diff: 0.1, Sum: 25.3]
      [GC Worker End (ms): Min: 5786.9, Avg: 5786.9, Max: 5786.9, Diff: 0.0]
   [Code Root Fixup: 0.0 ms]
   [Code Root Purge: 0.0 ms]
   [Clear CT: 0.1 ms]
   [Other: 4.8 ms]
      [Choose CSet: 0.0 ms]
      [Ref Proc: 4.5 ms]
      [Ref Enq: 0.0 ms]
      [Redirty Cards: 0.1 ms]
      [Humongous Register: 0.0 ms]
      [Humongous Reclaim: 0.0 ms]
      [Free CSet: 0.1 ms]
   [Eden: 51.0M(51.0M)->0.0B(44.0M) Survivors: 0.0B->7168.0K Heap: 51.0M(1024.0M)->7990.0K(1024.0M)]
 [Times: user=0.02 sys=0.00, real=0.01 secs] 
2018-05-09T16:42:02.470+0800: 6.235: [GC pause (G1 Evacuation Pause) (young), 0.0067560 secs]
   [Parallel Time: 3.6 ms, GC Workers: 8]
      [GC Worker Start (ms): Min: 6234.7, Avg: 6234.7, Max: 6234.7, Diff: 0.1]
      [Ext Root Scanning (ms): Min: 0.5, Avg: 0.7, Max: 1.5, Diff: 1.0, Sum: 5.7]
      [Update RS (ms): Min: 0.0, Avg: 0.0, Max: 0.2, Diff: 0.2, Sum: 0.2]
         [Processed Buffers: Min: 0, Avg: 0.1, Max: 1, Diff: 1, Sum: 1]
      [Scan RS (ms): Min: 0.0, Avg: 0.0, Max: 0.0, Diff: 0.0, Sum: 0.0]
      [Code Root Scanning (ms): Min: 0.0, Avg: 0.5, Max: 2.8, Diff: 2.8, Sum: 4.0]
      [Object Copy (ms): Min: 0.2, Avg: 2.1, Max: 2.8, Diff: 2.6, Sum: 17.0]
      [Termination (ms): Min: 0.0, Avg: 0.1, Max: 0.1, Diff: 0.1, Sum: 0.9]
         [Termination Attempts: Min: 1, Avg: 36.5, Max: 55, Diff: 54, Sum: 292]
      [GC Worker Other (ms): Min: 0.0, Avg: 0.0, Max: 0.0, Diff: 0.0, Sum: 0.1]
      [GC Worker Total (ms): Min: 3.4, Avg: 3.5, Max: 3.5, Diff: 0.1, Sum: 27.9]
      [GC Worker End (ms): Min: 6238.2, Avg: 6238.2, Max: 6238.2, Diff: 0.0]
   [Code Root Fixup: 0.0 ms]
   [Code Root Purge: 0.0 ms]
   [Clear CT: 0.2 ms]
   [Other: 3.0 ms]
      [Choose CSet: 0.0 ms]
      [Ref Proc: 2.6 ms]
      [Ref Enq: 0.0 ms]
      [Redirty Cards: 0.1 ms]
      [Humongous Register: 0.0 ms]
      [Humongous Reclaim: 0.0 ms]
      [Free CSet: 0.1 ms]
   [Eden: 44.0M(44.0M)->0.0B(44.0M) Survivors: 7168.0K->7168.0K Heap: 179.8M(1024.0M)->138.4M(1024.0M)]
 [Times: user=0.03 sys=0.00, real=0.00 secs] 
2018-05-09T16:46:47.561+0800: 291.338: [GC pause (Metadata GC Threshold) (young) (initial-mark), 0.0051023 secs]
   [Parallel Time: 3.9 ms, GC Workers: 8]
      [GC Worker Start (ms): Min: 291338.2, Avg: 291338.3, Max: 291338.3, Diff: 0.1]
      [Ext Root Scanning (ms): Min: 0.9, Avg: 1.0, Max: 1.1, Diff: 0.3, Sum: 8.0]
      [Update RS (ms): Min: 0.0, Avg: 0.1, Max: 0.2, Diff: 0.2, Sum: 0.9]
         [Processed Buffers: Min: 0, Avg: 0.5, Max: 1, Diff: 1, Sum: 4]
      [Scan RS (ms): Min: 0.0, Avg: 0.0, Max: 0.0, Diff: 0.0, Sum: 0.0]
      [Code Root Scanning (ms): Min: 0.0, Avg: 0.3, Max: 0.8, Diff: 0.8, Sum: 2.3]
      [Object Copy (ms): Min: 1.7, Avg: 2.3, Max: 2.6, Diff: 1.0, Sum: 18.4]
      [Termination (ms): Min: 0.0, Avg: 0.0, Max: 0.0, Diff: 0.0, Sum: 0.0]
         [Termination Attempts: Min: 1, Avg: 13.4, Max: 19, Diff: 18, Sum: 107]
      [GC Worker Other (ms): Min: 0.0, Avg: 0.0, Max: 0.0, Diff: 0.0, Sum: 0.1]
      [GC Worker Total (ms): Min: 3.7, Avg: 3.7, Max: 3.8, Diff: 0.1, Sum: 29.8]
      [GC Worker End (ms): Min: 291342.0, Avg: 291342.0, Max: 291342.0, Diff: 0.0]
   [Code Root Fixup: 0.1 ms]
   [Code Root Purge: 0.1 ms]
   [Clear CT: 0.2 ms]
   [Other: 1.0 ms]
      [Choose CSet: 0.0 ms]
      [Ref Proc: 0.4 ms]
      [Ref Enq: 0.0 ms]
      [Redirty Cards: 0.2 ms]
      [Humongous Register: 0.0 ms]
      [Humongous Reclaim: 0.0 ms]
      [Free CSet: 0.2 ms]
   [Eden: 16.0M(44.0M)->0.0B(46.0M) Survivors: 7168.0K->5120.0K Heap: 153.7M(1024.0M)->139.9M(1024.0M)]
 [Times: user=0.02 sys=0.01, real=0.00 secs] 
2018-05-09T16:46:47.566+0800: 291.344: [GC concurrent-root-region-scan-start]
2018-05-09T16:46:47.567+0800: 291.345: [GC concurrent-root-region-scan-end, 0.0012982 secs]
2018-05-09T16:46:47.567+0800: 291.345: [GC concurrent-mark-start]
2018-05-09T16:46:47.571+0800: 291.348: [GC concurrent-mark-end, 0.0033041 secs]
2018-05-09T16:46:47.571+0800: 291.348: [GC remark 2018-05-09T16:46:47.571+0800: 291.348: [Finalize Marking, 0.0002087 secs] 2018-05-09T16:46:47.571+0800: 291.349: [GC ref-proc, 0.0000839 secs] 2018-05-09T16:46:47.571+0800: 291.349: [Unloading, 0.0015567 secs], 0.0030267 secs]
 [Times: user=0.02 sys=0.00, real=0.00 secs] 
2018-05-09T16:46:47.574+0800: 291.352: [GC cleanup 141M->138M(1024M), 0.0006718 secs]
 [Times: user=0.00 sys=0.00, real=0.00 secs] 
2018-05-09T16:46:47.575+0800: 291.352: [GC concurrent-cleanup-start]
2018-05-09T16:46:47.575+0800: 291.352: [GC concurrent-cleanup-end, 0.0000115 secs]
Heap
 garbage-first heap   total 1048576K, used 141242K [0x0000000780000000, 0x0000000780102000, 0x00000007c0000000)
  region size 1024K, 7 young (7168K), 5 survivors (5120K)
 Metaspace       used 21031K, capacity 21258K, committed 21424K, reserved 1067008K
  class space    used 3048K, capacity 3139K, committed 3248K, reserved 1048576K
